./wrapper.sh: line 40: ./bin/compiler: cannot execute binary file: Exec format error
